// Vitest Snapshot v1, https://vitest.dev/guide/snapshot.html

exports[`createIdPoolIterator > implementation produces consistent results (base10, 2 digits) 1`] = `
[
  "99",
  "20",
  "41",
  "62",
  "83",
  "04",
  "25",
  "46",
  "67",
  "88",
  "09",
  "30",
  "51",
  "72",
  "93",
  "14",
  "35",
  "56",
  "77",
  "98",
  "19",
  "40",
  "61",
  "82",
  "03",
  "24",
  "45",
  "66",
  "87",
  "08",
  "29",
  "50",
  "71",
  "92",
  "13",
  "34",
  "55",
  "76",
  "97",
  "18",
  "39",
  "60",
  "81",
  "02",
  "23",
  "44",
  "65",
  "86",
  "07",
  "28",
  "49",
  "70",
  "91",
  "12",
  "33",
  "54",
  "75",
  "96",
  "17",
  "38",
  "59",
  "80",
  "01",
  "22",
  "43",
  "64",
  "85",
  "06",
  "27",
  "48",
  "69",
  "90",
  "11",
  "32",
  "53",
  "74",
  "95",
  "16",
  "37",
  "58",
  "79",
  "00",
  "21",
  "42",
  "63",
  "84",
  "05",
  "26",
  "47",
  "68",
  "89",
  "10",
  "31",
  "52",
  "73",
  "94",
  "15",
  "36",
  "57",
  "78",
]
`;

exports[`createIdPoolIterator > implementation produces consistent results (base16, 2 digits) 1`] = `
[
  "37",
  "6f",
  "a7",
  "df",
  "04",
  "3c",
  "74",
  "ac",
  "e4",
  "09",
  "41",
  "79",
  "b1",
  "e9",
  "0e",
  "46",
  "7e",
  "b6",
  "ee",
  "13",
  "4b",
  "83",
  "bb",
  "f3",
  "18",
  "50",
  "88",
  "c0",
  "f8",
  "1d",
  "55",
  "8d",
  "c5",
  "fd",
  "22",
  "5a",
  "92",
  "ca",
  "27",
  "5f",
  "97",
  "cf",
  "2c",
  "64",
  "9c",
  "d4",
  "31",
  "69",
  "a1",
  "d9",
  "36",
  "6e",
  "a6",
  "de",
  "03",
  "3b",
  "73",
  "ab",
  "e3",
  "08",
  "40",
  "78",
  "b0",
  "e8",
  "0d",
  "45",
  "7d",
  "b5",
  "ed",
  "12",
  "4a",
  "82",
  "ba",
  "f2",
  "17",
  "4f",
  "87",
  "bf",
  "f7",
  "1c",
  "54",
  "8c",
  "c4",
  "fc",
  "21",
  "59",
  "91",
  "c9",
  "26",
  "5e",
  "96",
  "ce",
  "2b",
  "63",
  "9b",
  "d3",
  "30",
  "68",
  "a0",
  "d8",
]
`;

exports[`createIdPoolIterator > implementation produces consistent results (base32, 2 digits) 1`] = `
[
  "6D",
  "CV",
  "K9",
  "SQ",
  "04",
  "6J",
  "D0",
  "KE",
  "SW",
  "09",
  "6Q",
  "D5",
  "KK",
  "T1",
  "0E",
  "6W",
  "DA",
  "KR",
  "T6",
  "0K",
  "71",
  "DF",
  "KX",
  "TB",
  "0R",
  "76",
  "DM",
  "M2",
  "TG",
  "0X",
  "7B",
  "DS",
  "M7",
  "TN",
  "12",
  "7G",
  "DY",
  "MC",
  "TT",
  "17",
  "7N",
  "E3",
  "MH",
  "TZ",
  "1C",
  "7T",
  "E8",
  "MP",
  "V4",
  "1H",
  "7Z",
  "ED",
  "MV",
  "V9",
  "1P",
  "84",
  "EJ",
  "N0",
  "VE",
  "1V",
  "89",
  "EQ",
  "N5",
  "VK",
  "20",
  "8E",
  "EW",
  "NA",
  "VR",
  "25",
  "8K",
  "F1",
  "NF",
  "VX",
  "2A",
  "8R",
  "F6",
  "NM",
  "W2",
  "2F",
  "8X",
  "FB",
  "NS",
  "W7",
  "2M",
  "92",
  "FG",
  "NY",
  "WC",
  "2S",
  "97",
  "FN",
  "P3",
  "WH",
  "2Y",
  "9C",
  "FT",
  "P8",
  "WP",
  "33",
]
`;

exports[`createIdPoolIterator > implementation produces consistent results (base36, 2 digits) 1`] = `
[
  "78",
  "eh",
  "lq",
  "sz",
  "04",
  "7d",
  "em",
  "lv",
  "t4",
  "09",
  "7i",
  "er",
  "m0",
  "t9",
  "0e",
  "7n",
  "ew",
  "m5",
  "te",
  "0j",
  "7s",
  "f1",
  "ma",
  "tj",
  "0o",
  "7x",
  "f6",
  "mf",
  "to",
  "0t",
  "82",
  "fb",
  "mk",
  "tt",
  "0y",
  "87",
  "fg",
  "mp",
  "ty",
  "13",
  "8c",
  "fl",
  "mu",
  "u3",
  "18",
  "8h",
  "fq",
  "mz",
  "u8",
  "1d",
  "8m",
  "fv",
  "n4",
  "ud",
  "1i",
  "8r",
  "g0",
  "n9",
  "ui",
  "1n",
  "8w",
  "g5",
  "ne",
  "un",
  "1s",
  "91",
  "ga",
  "nj",
  "us",
  "1x",
  "96",
  "gf",
  "no",
  "ux",
  "22",
  "9b",
  "gk",
  "nt",
  "v2",
  "27",
  "9g",
  "gp",
  "ny",
  "v7",
  "2c",
  "9l",
  "gu",
  "o3",
  "vc",
  "2h",
  "9q",
  "gz",
  "o8",
  "vh",
  "2m",
  "9v",
  "h4",
  "od",
  "vm",
  "2r",
]
`;

exports[`createIdPoolIterator > implementation produces consistent results (base49, 2 digits) 1`] = `
[
  "jV",
  "uR",
  "EM",
  "QH",
  "ae",
  "ka",
  "uW",
  "ES",
  "QN",
  "aj",
  "kf",
  "vb",
  "EX",
  "QT",
  "ap",
  "kk",
  "vg",
  "Fc",
  "QY",
  "au",
  "kq",
  "vm",
  "Fh",
  "Rd",
  "az",
  "kv",
  "vr",
  "Fn",
  "Ri",
  "aE",
  "kA",
  "vw",
  "Fs",
  "Ro",
  "aK",
  "kF",
  "vB",
  "Fx",
  "Rt",
  "aQ",
  "kL",
  "vG",
  "FC",
  "Ry",
  "aV",
  "kR",
  "vM",
  "FH",
  "RD",
  "ba",
  "kW",
  "vS",
  "FN",
  "RJ",
  "bf",
  "mb",
  "vX",
  "FT",
  "RP",
  "bk",
  "mg",
  "wc",
  "FY",
  "RU",
  "bq",
  "mm",
  "wh",
  "Gd",
  "RZ",
  "bv",
  "mr",
  "wn",
  "Gi",
  "Se",
  "bA",
  "mw",
  "ws",
  "Go",
  "Sj",
  "bF",
  "mB",
  "wx",
  "Gt",
  "Sp",
  "bL",
  "mG",
  "wC",
  "Gy",
  "Su",
  "bR",
  "mM",
  "wH",
  "GD",
  "Sz",
  "bW",
  "mS",
  "wN",
  "GJ",
  "SE",
  "cb",
]
`;

exports[`createIdPoolIterator > implementation produces consistent results (base52, 2 digits) 1`] = `
[
  "kz",
  "uZ",
  "Fz",
  "PZ",
  "ae",
  "kE",
  "ve",
  "FE",
  "Qe",
  "aj",
  "kJ",
  "vj",
  "FJ",
  "Qj",
  "ao",
  "kO",
  "vo",
  "FO",
  "Qo",
  "at",
  "kT",
  "vt",
  "FT",
  "Qt",
  "ay",
  "kY",
  "vy",
  "FY",
  "Qy",
  "aD",
  "ld",
  "vD",
  "Gd",
  "QD",
  "aI",
  "li",
  "vI",
  "Gi",
  "QI",
  "aN",
  "ln",
  "vN",
  "Gn",
  "QN",
  "aS",
  "ls",
  "vS",
  "Gs",
  "QS",
  "aX",
  "lx",
  "vX",
  "Gx",
  "QX",
  "bc",
  "lC",
  "wc",
  "GC",
  "Rc",
  "bh",
  "lH",
  "wh",
  "GH",
  "Rh",
  "bm",
  "lM",
  "wm",
  "GM",
  "Rm",
  "br",
  "lR",
  "wr",
  "GR",
  "Rr",
  "bw",
  "lW",
  "ww",
  "GW",
  "Rw",
  "bB",
  "mb",
  "wB",
  "Hb",
  "RB",
  "bG",
  "mg",
  "wG",
  "Hg",
  "RG",
  "bL",
  "ml",
  "wL",
  "Hl",
  "RL",
  "bQ",
  "mq",
  "wQ",
  "Hq",
  "RQ",
  "bV",
]
`;

exports[`createIdPoolIterator > implementation produces consistent results (base58, 2 digits) 1`] = `
[
  "Ce",
  "QJ",
  "bx",
  "oc",
  "15",
  "Cj",
  "QP",
  "c3",
  "oh",
  "1A",
  "Cp",
  "QU",
  "c8",
  "on",
  "1F",
  "Cu",
  "QZ",
  "cD",
  "os",
  "1L",
  "Cz",
  "Qe",
  "cJ",
  "ox",
  "1R",
  "D5",
  "Qj",
  "cP",
  "p3",
  "1W",
  "DA",
  "Qp",
  "cU",
  "p8",
  "1b",
  "DF",
  "Qu",
  "cZ",
  "pD",
  "1g",
  "DL",
  "Qz",
  "ce",
  "pJ",
  "1m",
  "DR",
  "R5",
  "cj",
  "pP",
  "1r",
  "DW",
  "RA",
  "cp",
  "pU",
  "1w",
  "Db",
  "RF",
  "cu",
  "pZ",
  "22",
  "Dg",
  "RL",
  "cz",
  "pe",
  "27",
  "Dm",
  "RR",
  "d5",
  "pj",
  "2C",
  "Dr",
  "RW",
  "dA",
  "pp",
  "2H",
  "Dw",
  "Rb",
  "dF",
  "pu",
  "2N",
  "E2",
  "Rg",
  "dL",
  "pz",
  "2T",
  "E7",
  "Rm",
  "dR",
  "q5",
  "2Y",
  "EC",
  "Rr",
  "dW",
  "qA",
  "2d",
  "EH",
  "Rw",
  "db",
  "qF",
  "2i",
]
`;
