// Vitest Snapshot v1, https://vitest.dev/guide/snapshot.html

exports[`Specifications inheritance > Basic 1`] = `
[
  {
    "name": "description",
    "value": "Gas mass flow controllers for flow rates",
  },
  {
    "name": "manufacture",
    "value": "Bronkhorst",
  },
]
`;

exports[`Specifications inheritance > More-Specific values should be used 1`] = `
[
  {
    "name": "description",
    "value": "Gas mass flow controllers for flow rates",
  },
  {
    "name": "manufacture",
    "value": "Bronkhorst",
  },
]
`;
